// Jest Snapshot v1, https://goo.gl/fbAQLP

exports[`screen: Proposals/List matches snapshot 1`] = `null`;
