// Jest Snapshot v1, https://goo.gl/fbAQLP

exports[`screen: InitialLoad matches snapshot 1`] = `null`;
