// Jest Snapshot v1, https://goo.gl/fbAQLP

exports[`screen: Home/Tokenomics matches snapshot 1`] = `null`;
