// Jest Snapshot v1, https://goo.gl/fbAQLP

exports[`screen: _app matches snapshot 1`] = `
Array [
  <div
    className="Toastify"
  />,
  <div
    className="makeStyles-root-1"
  >
    <div>
      <img
        alt="logo"
        className="makeStyles-logo-2 makeStyles-dark-5"
        src="svg"
      />
      <img
        alt="logo"
        className="makeStyles-logo-2 makeStyles-light-4"
        src="svg"
      />
      <div
        className="MuiLinearProgress-root MuiLinearProgress-colorPrimary makeStyles-divider-3 MuiLinearProgress-indeterminate"
        role="progressbar"
      >
        <div
          className="MuiLinearProgress-bar MuiLinearProgress-barColorPrimary MuiLinearProgress-bar1Indeterminate"
          style={Object {}}
        />
        <div
          className="MuiLinearProgress-bar MuiLinearProgress-bar2Indeterminate MuiLinearProgress-barColorPrimary"
          style={Object {}}
        />
      </div>
      <svg />
    </div>
  </div>,
]
`;
